ðŸ”§ GitHub Push Assistant with D3.js & Asciinema
$ git --version
git version 2.51.0
Git detected: git version 2.51.0
$ gh --version
gh version 2.76.1 (2025-07-29)
https://github.com/cli/cli/releases/tag/v2.76.1
GitHub CLI detected: gh version 2.76.1 (2025-07-29)
https://github.com/cli/cli/releases/tag/v2.76.1
Asciinema detected.
Docker detected.
PyYAML detected.
Loaded config from github_push_config.yaml
Saved config to github_push_config.yaml
Working in: /home/owner/Documents/68c17e37-8f48-8331-80da-93ec75153940
Building Docker image 'github_push_assistant'...
$ docker build -t github_push_assistant /home/owner/Documents/68c17e37-8f48-8331-80da-93ec75153940

ERROR: Cannot connect to the Docker daemon at unix:///var/run/docker.sock. Is the docker daemon running?

Docker image 'github_push_assistant' ready. Run with:
docker run -it -v /home/owner/Documents/68c17e37-8f48-8331-80da-93ec75153940:/workspace github_push_assistant
Saved config to github_push_config.yaml
Git repo exists.
$ gh auth status
github.com
  âœ“ Logged in to github.com account swipswaps (keyring)
  - Active account: true
  - Git operations protocol: https
  - Token: gho_************************************
  - Token scopes: 'gist', 'read:org', 'repo', 'workflow'
Saved config to github_push_config.yaml
$ gh repo create github_flow_cfd --source=. --public --push

GraphQL: Name already exists on this account (createRepository)

Remote repo may already exist.
âž• Staging all files...
$ git add .
